../Core/Src/modbusSlave.c:27:6:sendData	24	static
../Core/Src/modbusSlave.c:43:6:modbusException	16	static
../Core/Src/modbusSlave.c:58:9:readHoldingRegs	40	static
../Core/Src/modbusSlave.c:112:9:updateInputs	8	static
../Core/Src/modbusSlave.c:129:9:readInputRegs	40	static
../Core/Src/modbusSlave.c:186:9:writeSingleReg	24	static
../Core/Src/modbusSlave.c:235:9:incrementRegByOne	24	static
../Core/Src/modbusSlave.c:276:9:decrementRegByOne	24	static
../Core/Src/modbusSlave.c:321:9:readTemp	24	static
