../Core/Src/modbusSlave.c:30:6:sendData	24	static
../Core/Src/modbusSlave.c:46:6:modbusException	16	static
../Core/Src/modbusSlave.c:61:9:readHoldingRegs	40	static
../Core/Src/modbusSlave.c:115:9:updateInputs	8	static
../Core/Src/modbusSlave.c:132:9:readInputRegs	40	static
../Core/Src/modbusSlave.c:189:9:writeSingleReg	24	static
../Core/Src/modbusSlave.c:238:9:incrementRegByOne	24	static
../Core/Src/modbusSlave.c:279:9:decrementRegByOne	24	static
../Core/Src/modbusSlave.c:324:9:readTemp	24	static
